openapi: 3.1.0
info:
    title: Laravel
    version: 0.0.1
servers:
    - { url: 'http://localhost/api' }
paths:
    /test: { get: { operationId: fooTestTwo.index, tags: [Foo_TestTwo], responses: { 500: { description: '', content: { application/json: { schema: { type: object, properties: { error: { type: object, properties: { msg: { type: string }, code: { type: integer } }, required: [msg, code] } }, required: [error] } } } } } } }
