openapi: 3.1.0
info:
    title: Laravel
    version: 0.0.1
servers:
    - { url: 'http://localhost/api' }
paths:
    /test: { get: { operationId: fooTest.index, tags: [Foo_Test], responses: { 204: { description: 'No content' } } } }
