type: object
properties:
    wow: { type: string }
required:
    - wow
