anyOf:
    - { type: string }
    - { type: string, enum: [foo, bar] }
