type: object
properties:
    test: { type: string }
    wow: { type: string }
required:
    - test
