openapi: 3.1.0
info:
    title: Laravel
    version: 0.0.1
servers:
    - { url: 'http://localhost/api' }
paths:
    /test: { get: { operationId: validationFacadeRulesDocumentingTest.index, tags: [ValidationFacadeRulesDocumenting_Test], parameters: [{ name: content, in: query, required: true, schema: { type: string, enum: [wow] } }], responses: { 200: { description: '' } } } }
